../Drivers/BSP/ST7735/lcd.c:344:16:lcd_gettick	0	static
../Drivers/BSP/ST7735/lcd.c:388:16:lcd_recvdata	16	static
../Drivers/BSP/ST7735/lcd.c:377:16:lcd_senddata	16	static
../Drivers/BSP/ST7735/lcd.c:363:16:lcd_readreg	32	static
../Drivers/BSP/ST7735/lcd.c:349:16:lcd_writereg	24	static
../Drivers/BSP/ST7735/lcd.c:337:16:lcd_init	8	static
../Drivers/BSP/ST7735/lcd.c:322:6:LCD_ShowString.constprop	352	dynamic,bounded
../Drivers/BSP/ST7735/lcd.c:47:6:LCD_Test	88	static
../Drivers/BSP/ST7735/lcd.c:112:6:LCD_SetBrightness	0	static
../Drivers/BSP/ST7735/lcd.c:119:10:LCD_GetBrightness	0	static
../Drivers/BSP/ST7735/lcd.c:127:6:LCD_SoftPWMEnable	0	static
../Drivers/BSP/ST7735/lcd.c:135:9:LCD_SoftPWMIsEnable	0	static
../Drivers/BSP/ST7735/lcd.c:140:6:LCD_SoftPWMCtrlInit	40	static
../Drivers/BSP/ST7735/lcd.c:157:6:LCD_SoftPWMCtrlDeInit	8	static
../Drivers/BSP/ST7735/lcd.c:163:6:LCD_SoftPWMCtrlRun	0	static
../Drivers/BSP/ST7735/lcd.c:179:6:HAL_TIM_PeriodElapsedCallback	0	static
../Drivers/BSP/ST7735/lcd.c:190:6:LCD_Light	32	static
../Drivers/BSP/ST7735/lcd.c:238:6:LCD_ShowChar	232	dynamic
../Drivers/BSP/ST7735/lcd.c:322:6:LCD_ShowString	112	dynamic
